[    7963ms] [INFO] %cDownload the React DevTools for a better development experience: https://react.dev/link/react-devtools font-weight:bold @ http://localhost:3000/_next/static/chunks/node_modules_next_dist_compiled_2ce9398a._.js:16383
[    8737ms] [LOG] [Fast Refresh] done in NaNms @ http://localhost:3000/_next/static/chunks/node_modules_next_dist_client_8f19e6fb._.js:14847
[   31832ms] [LOG] [Fast Refresh] rebuilding @ http://localhost:3000/_next/static/chunks/node_modules_next_dist_client_8f19e6fb._.js:14983
[   32390ms] [LOG] [Fast Refresh] done in 675ms @ http://localhost:3000/_next/static/chunks/node_modules_next_dist_client_8f19e6fb._.js:14847
[   38360ms] [WARNING] An iframe which has both allow-scripts and allow-same-origin for its sandbox attribute can escape its sandboxing. @ about:srcdoc:0
[   38543ms] [WARNING] cdn.tailwindcss.com should not be used in production. To use Tailwind CSS in production, install it as a PostCSS plugin or use the Tailwind CLI: https://tailwindcss.com/docs/installation @ https://cdn.tailwindcss.com/:63
[   39149ms] [ERROR] Failed to load app: SyntaxError: The requested module 'lucide-react' does not provide an export named 'Github' @ about:srcdoc:144
[   39149ms] [ERROR] Import map: {
  "imports": {
    "react": "https://esm.sh/react",
    "react-dom": "https://esm.sh/react-dom@19",
    "react-dom/client": "https://esm.sh/react-dom@19/client",
    "react/jsx-runtime": "https://esm.sh/react@19/jsx-runtime",
    "react/jsx-dev-runtime": "https://esm.sh/react@19/jsx-dev-runtime",
    "lucide-react": "https://esm.sh/lucide-react",
    "/App.jsx": "blob:http://localhost:3000/bd073b0b-8466-4375-9519-e97a04944154",
    "App.jsx": "blob:http://localhost:3000/bd073b0b-8466-4375-9519-e97a04944154",
    "@/App.jsx": "blob:http://localhost:3000/bd073b0b-8466-4375-9519-e97a04944154",
    "/App": "blob:http://localhost:3000/bd073b0b-8466-4375-9519-e97a04944154",
    "App": "blob:http://localhost:3000/bd073b0b-8466-4375-9519-e97a04944154",
    "@/App": "blob:http://localhost:3000/bd073b0b-8466-4375-9519-e97a04944154"
  }
} @ about:srcdoc:145
[  131466ms] [WARNING] An iframe which has both allow-scripts and allow-same-origin for its sandbox attribute can escape its sandboxing. @ about:srcdoc:0
[  131526ms] [WARNING] cdn.tailwindcss.com should not be used in production. To use Tailwind CSS in production, install it as a PostCSS plugin or use the Tailwind CLI: https://tailwindcss.com/docs/installation @ https://cdn.tailwindcss.com/:63
[  131642ms] [ERROR] Failed to load app: SyntaxError: The requested module 'lucide-react' does not provide an export named 'Github' @ about:srcdoc:144
[  131642ms] [ERROR] Import map: {
  "imports": {
    "react": "https://esm.sh/react",
    "react-dom": "https://esm.sh/react-dom@19",
    "react-dom/client": "https://esm.sh/react-dom@19/client",
    "react/jsx-runtime": "https://esm.sh/react@19/jsx-runtime",
    "react/jsx-dev-runtime": "https://esm.sh/react@19/jsx-dev-runtime",
    "lucide-react": "https://esm.sh/lucide-react",
    "/App.jsx": "blob:http://localhost:3000/a2d18e0e-d541-4a7f-80a2-aa68c6f19e22",
    "App.jsx": "blob:http://localhost:3000/a2d18e0e-d541-4a7f-80a2-aa68c6f19e22",
    "@/App.jsx": "blob:http://localhost:3000/a2d18e0e-d541-4a7f-80a2-aa68c6f19e22",
    "/App": "blob:http://localhost:3000/a2d18e0e-d541-4a7f-80a2-aa68c6f19e22",
    "App": "blob:http://localhost:3000/a2d18e0e-d541-4a7f-80a2-aa68c6f19e22",
    "@/App": "blob:http://localhost:3000/a2d18e0e-d541-4a7f-80a2-aa68c6f19e22"
  }
} @ about:srcdoc:145
[  250900ms] [LOG] [Fast Refresh] rebuilding @ http://localhost:3000/_next/static/chunks/node_modules_next_dist_client_8f19e6fb._.js:14983
[  250964ms] [LOG] [Fast Refresh] done in 133ms @ http://localhost:3000/_next/static/chunks/node_modules_next_dist_client_8f19e6fb._.js:14847
[  290888ms] [LOG] [Fast Refresh] rebuilding @ http://localhost:3000/_next/static/chunks/node_modules_next_dist_client_8f19e6fb._.js:14983
[  290982ms] [LOG] [Fast Refresh] done in 199ms @ http://localhost:3000/_next/static/chunks/node_modules_next_dist_client_8f19e6fb._.js:14847
[  308287ms] [WARNING] An iframe which has both allow-scripts and allow-same-origin for its sandbox attribute can escape its sandboxing. @ about:srcdoc:0
[  308293ms] [WARNING] cdn.tailwindcss.com should not be used in production. To use Tailwind CSS in production, install it as a PostCSS plugin or use the Tailwind CLI: https://tailwindcss.com/docs/installation @ https://cdn.tailwindcss.com/:63
[  308344ms] [ERROR] Failed to load app: SyntaxError: The requested module 'lucide-react' does not provide an export named 'Github' @ about:srcdoc:144
[  308344ms] [ERROR] Import map: {
  "imports": {
    "react": "https://esm.sh/react",
    "react-dom": "https://esm.sh/react-dom@19",
    "react-dom/client": "https://esm.sh/react-dom@19/client",
    "react/jsx-runtime": "https://esm.sh/react@19/jsx-runtime",
    "react/jsx-dev-runtime": "https://esm.sh/react@19/jsx-dev-runtime",
    "lucide-react": "https://esm.sh/lucide-react",
    "/App.jsx": "blob:http://localhost:3000/8f11a476-aafe-442b-9d7b-c4bbed328218",
    "App.jsx": "blob:http://localhost:3000/8f11a476-aafe-442b-9d7b-c4bbed328218",
    "@/App.jsx": "blob:http://localhost:3000/8f11a476-aafe-442b-9d7b-c4bbed328218",
    "/App": "blob:http://localhost:3000/8f11a476-aafe-442b-9d7b-c4bbed328218",
    "App": "blob:http://localhost:3000/8f11a476-aafe-442b-9d7b-c4bbed328218",
    "@/App": "blob:http://localhost:3000/8f11a476-aafe-442b-9d7b-c4bbed328218"
  }
} @ about:srcdoc:145
[  407788ms] [WARNING] An iframe which has both allow-scripts and allow-same-origin for its sandbox attribute can escape its sandboxing. @ about:srcdoc:0
[  407796ms] [WARNING] cdn.tailwindcss.com should not be used in production. To use Tailwind CSS in production, install it as a PostCSS plugin or use the Tailwind CLI: https://tailwindcss.com/docs/installation @ https://cdn.tailwindcss.com/:63
[  407843ms] [ERROR] Failed to load app: SyntaxError: The requested module 'lucide-react' does not provide an export named 'Github' @ about:srcdoc:144
[  407843ms] [ERROR] Import map: {
  "imports": {
    "react": "https://esm.sh/react",
    "react-dom": "https://esm.sh/react-dom@19",
    "react-dom/client": "https://esm.sh/react-dom@19/client",
    "react/jsx-runtime": "https://esm.sh/react@19/jsx-runtime",
    "react/jsx-dev-runtime": "https://esm.sh/react@19/jsx-dev-runtime",
    "lucide-react": "https://esm.sh/lucide-react",
    "/App.jsx": "blob:http://localhost:3000/53e0bc28-92ba-473c-ba54-dada6e3fec1a",
    "App.jsx": "blob:http://localhost:3000/53e0bc28-92ba-473c-ba54-dada6e3fec1a",
    "@/App.jsx": "blob:http://localhost:3000/53e0bc28-92ba-473c-ba54-dada6e3fec1a",
    "/App": "blob:http://localhost:3000/53e0bc28-92ba-473c-ba54-dada6e3fec1a",
    "App": "blob:http://localhost:3000/53e0bc28-92ba-473c-ba54-dada6e3fec1a",
    "@/App": "blob:http://localhost:3000/53e0bc28-92ba-473c-ba54-dada6e3fec1a"
  }
} @ about:srcdoc:145
[  473055ms] [LOG] [Fast Refresh] rebuilding @ http://localhost:3000/_next/static/chunks/node_modules_next_dist_client_8f19e6fb._.js:14983
[  473126ms] [INFO] %cDownload the React DevTools for a better development experience: https://react.dev/link/react-devtools font-weight:bold @ http://localhost:3000/_next/static/chunks/node_modules_next_dist_compiled_2ce9398a._.js:16383
[  473511ms] [LOG] [Fast Refresh] done in NaNms @ http://localhost:3000/_next/static/chunks/node_modules_next_dist_client_8f19e6fb._.js:14847
[  552833ms] [LOG] [Fast Refresh] rebuilding @ http://localhost:3000/_next/static/chunks/node_modules_next_dist_client_8f19e6fb._.js:14983
[  552843ms] [LOG] [Fast Refresh] done in 114ms @ http://localhost:3000/_next/static/chunks/node_modules_next_dist_client_8f19e6fb._.js:14847
[  557654ms] [WARNING] An iframe which has both allow-scripts and allow-same-origin for its sandbox attribute can escape its sandboxing. @ about:srcdoc:0
[  557664ms] [WARNING] cdn.tailwindcss.com should not be used in production. To use Tailwind CSS in production, install it as a PostCSS plugin or use the Tailwind CLI: https://tailwindcss.com/docs/installation @ https://cdn.tailwindcss.com/:63
[  672710ms] [WARNING] An iframe which has both allow-scripts and allow-same-origin for its sandbox attribute can escape its sandboxing. @ about:srcdoc:0
[  672716ms] [WARNING] cdn.tailwindcss.com should not be used in production. To use Tailwind CSS in production, install it as a PostCSS plugin or use the Tailwind CLI: https://tailwindcss.com/docs/installation @ https://cdn.tailwindcss.com/:63
[ 1127664ms] [LOG] [Fast Refresh] rebuilding @ http://localhost:3000/_next/static/chunks/node_modules_next_dist_client_8f19e6fb._.js:14983
[ 1127665ms] [LOG] [Fast Refresh] done in 108ms @ http://localhost:3000/_next/static/chunks/node_modules_next_dist_client_8f19e6fb._.js:14847
